<html>
<body>
<pre>
<h1>µVision Build Log</h1>
<h2>Project:</h2>
C:\Users\ADMIN\Desktop\Nhungbuoi7\Bai2\Bai2.uvproj
Project File Date:  10/21/2020

<h2>Output:</h2>
Rebuild target 'Target 1'
assembling Startup.s...
compiling main.c...
main.c(12): warning:  #1-D: last line of file ends without a newline
linking...
Program Size: Code=904 RO-data=16 RW-data=0 ZI-data=352  
".\Bai2.axf" - 0 Errors, 1 Warning(s).
Rebuild target 'Target 1'
assembling Startup.s...
compiling main.c...
main.c(12): warning:  #1-D: last line of file ends without a newline
linking...
Program Size: Code=904 RO-data=16 RW-data=0 ZI-data=352  
FromELF: creating hex file...
".\Bai2.axf" - 0 Errors, 1 Warning(s).
Rebuild target 'Target 1'
assembling Startup.s...
compiling main.c...
main.c(42): warning:  #1-D: last line of file ends without a newline
linking...
Program Size: Code=1924 RO-data=172 RW-data=0 ZI-data=352  
FromELF: creating hex file...
".\Bai2.axf" - 0 Errors, 1 Warning(s).
Rebuild target 'Target 1'
assembling Startup.s...
compiling main.c...
main.c(46): warning:  #1-D: last line of file ends without a newline
linking...
Program Size: Code=1984 RO-data=172 RW-data=0 ZI-data=352  
FromELF: creating hex file...
".\Bai2.axf" - 0 Errors, 1 Warning(s).
Rebuild target 'Target 1'
assembling Startup.s...
compiling main.c...
main.c(46): warning:  #1-D: last line of file ends without a newline
linking...
Program Size: Code=1984 RO-data=172 RW-data=0 ZI-data=352  
FromELF: creating hex file...
".\Bai2.axf" - 0 Errors, 1 Warning(s).
Rebuild target 'Target 1'
assembling Startup.s...
compiling main.c...
main.c(47): warning:  #1-D: last line of file ends without a newline
linking...
Program Size: Code=2024 RO-data=188 RW-data=4 ZI-data=356  
FromELF: creating hex file...
".\Bai2.axf" - 0 Errors, 1 Warning(s).
Rebuild target 'Target 1'
assembling Startup.s...
compiling main.c...
main.c(47): warning:  #1-D: last line of file ends without a newline
linking...
Program Size: Code=2024 RO-data=188 RW-data=4 ZI-data=356  
FromELF: creating hex file...
".\Bai2.axf" - 0 Errors, 1 Warning(s).
Rebuild target 'Target 1'
assembling Startup.s...
compiling main.c...
main.c(47): warning:  #1-D: last line of file ends without a newline
linking...
Program Size: Code=1888 RO-data=188 RW-data=4 ZI-data=356  
FromELF: creating hex file...
".\Bai2.axf" - 0 Errors, 1 Warning(s).
Rebuild target 'Target 1'
assembling Startup.s...
compiling main.c...
main.c(79): warning:  #1-D: last line of file ends without a newline
linking...
Program Size: Code=2192 RO-data=188 RW-data=4 ZI-data=356  
FromELF: creating hex file...
".\Bai2.axf" - 0 Errors, 1 Warning(s).
