<html>
<body>
<pre>
<h1>µVision Build Log</h1>
<h2>Project:</h2>
C:\Users\ADMIN\Desktop\Nhungbuoi7\Bai1\Bai1.uvproj
Project File Date:  10/21/2020

<h2>Output:</h2>
Rebuild target 'Target 1'
assembling Startup.s...
compiling main.c...
main.c(10): warning:  #1-D: last line of file ends without a newline
linking...
Program Size: Code=904 RO-data=16 RW-data=0 ZI-data=352  
".\Bai1.axf" - 0 Errors, 1 Warning(s).
Rebuild target 'Target 1'
assembling Startup.s...
compiling main.c...
main.c(20): warning:  #1-D: last line of file ends without a newline
linking...
Program Size: Code=2264 RO-data=244 RW-data=0 ZI-data=352  
".\Bai1.axf" - 0 Errors, 1 Warning(s).
Rebuild target 'Target 1'
assembling Startup.s...
compiling main.c...
main.c(21): warning:  #1-D: last line of file ends without a newline
linking...
Program Size: Code=2264 RO-data=244 RW-data=0 ZI-data=352  
".\Bai1.axf" - 0 Errors, 1 Warning(s).
Rebuild target 'Target 1'
assembling Startup.s...
compiling main.c...
main.c(21): warning:  #1-D: last line of file ends without a newline
linking...
Program Size: Code=2264 RO-data=244 RW-data=0 ZI-data=352  
FromELF: creating hex file...
".\Bai1.axf" - 0 Errors, 1 Warning(s).
Rebuild target 'Target 1'
assembling Startup.s...
compiling main.c...
main.c(25): warning:  #1-D: last line of file ends without a newline
linking...
Program Size: Code=2296 RO-data=244 RW-data=0 ZI-data=352  
FromELF: creating hex file...
".\Bai1.axf" - 0 Errors, 1 Warning(s).
Rebuild target 'Target 1'
assembling Startup.s...
compiling main.c...
main.c(34): warning:  #1-D: last line of file ends without a newline
linking...
Program Size: Code=2320 RO-data=244 RW-data=0 ZI-data=352  
FromELF: creating hex file...
".\Bai1.axf" - 0 Errors, 1 Warning(s).
Rebuild target 'Target 1'
assembling Startup.s...
compiling main.c...
main.c(35): warning:  #1-D: last line of file ends without a newline
linking...
Program Size: Code=2348 RO-data=244 RW-data=0 ZI-data=352  
FromELF: creating hex file...
".\Bai1.axf" - 0 Errors, 1 Warning(s).
Rebuild target 'Target 1'
assembling Startup.s...
compiling main.c...
main.c(35): warning:  #1-D: last line of file ends without a newline
linking...
Program Size: Code=2304 RO-data=244 RW-data=0 ZI-data=352  
FromELF: creating hex file...
".\Bai1.axf" - 0 Errors, 1 Warning(s).
Rebuild target 'Target 1'
assembling Startup.s...
compiling main.c...
main.c(46): warning:  #1-D: last line of file ends without a newline
linking...
Program Size: Code=6096 RO-data=332 RW-data=12 ZI-data=604  
FromELF: creating hex file...
".\Bai1.axf" - 0 Errors, 1 Warning(s).
Rebuild target 'Target 1'
assembling Startup.s...
compiling main.c...
main.c(46): warning:  #1-D: last line of file ends without a newline
linking...
Program Size: Code=6080 RO-data=332 RW-data=12 ZI-data=604  
FromELF: creating hex file...
".\Bai1.axf" - 0 Errors, 1 Warning(s).
Rebuild target 'Target 1'
assembling Startup.s...
compiling main.c...
main.c(46): warning:  #1-D: last line of file ends without a newline
linking...
Program Size: Code=6092 RO-data=332 RW-data=12 ZI-data=604  
FromELF: creating hex file...
".\Bai1.axf" - 0 Errors, 1 Warning(s).
Rebuild target 'Target 1'
assembling Startup.s...
compiling main.c...
main.c(46): warning:  #1-D: last line of file ends without a newline
linking...
Program Size: Code=2328 RO-data=244 RW-data=0 ZI-data=352  
FromELF: creating hex file...
".\Bai1.axf" - 0 Errors, 1 Warning(s).
Rebuild target 'Target 1'
assembling Startup.s...
compiling main.c...
main.c(46): warning:  #1-D: last line of file ends without a newline
linking...
Program Size: Code=2328 RO-data=244 RW-data=0 ZI-data=352  
FromELF: creating hex file...
".\Bai1.axf" - 0 Errors, 1 Warning(s).
Rebuild target 'Target 1'
assembling Startup.s...
compiling main.c...
main.c(46): warning:  #1-D: last line of file ends without a newline
linking...
Program Size: Code=6092 RO-data=332 RW-data=12 ZI-data=604  
FromELF: creating hex file...
".\Bai1.axf" - 0 Errors, 1 Warning(s).
Rebuild target 'Target 1'
assembling Startup.s...
compiling main.c...
main.c(47): warning:  #1-D: last line of file ends without a newline
linking...
Program Size: Code=6072 RO-data=332 RW-data=12 ZI-data=604  
FromELF: creating hex file...
".\Bai1.axf" - 0 Errors, 1 Warning(s).
Rebuild target 'Target 1'
assembling Startup.s...
compiling main.c...
main.c(47): warning:  #1-D: last line of file ends without a newline
linking...
Program Size: Code=2312 RO-data=244 RW-data=0 ZI-data=352  
FromELF: creating hex file...
".\Bai1.axf" - 0 Errors, 1 Warning(s).
Rebuild target 'Target 1'
assembling Startup.s...
compiling main.c...
main.c(48): warning:  #1-D: last line of file ends without a newline
linking...
Program Size: Code=2340 RO-data=244 RW-data=0 ZI-data=352  
FromELF: creating hex file...
".\Bai1.axf" - 0 Errors, 1 Warning(s).
Rebuild target 'Target 1'
assembling Startup.s...
compiling main.c...
main.c(53): warning:  #1-D: last line of file ends without a newline
linking...
Program Size: Code=2348 RO-data=244 RW-data=0 ZI-data=352  
FromELF: creating hex file...
".\Bai1.axf" - 0 Errors, 1 Warning(s).
Rebuild target 'Target 1'
assembling Startup.s...
compiling main.c...
main.c(54): warning:  #1-D: last line of file ends without a newline
linking...
Program Size: Code=2344 RO-data=244 RW-data=0 ZI-data=352  
FromELF: creating hex file...
".\Bai1.axf" - 0 Errors, 1 Warning(s).
Rebuild target 'Target 1'
assembling Startup.s...
compiling main.c...
main.c(54): warning:  #1-D: last line of file ends without a newline
linking...
Program Size: Code=2348 RO-data=244 RW-data=0 ZI-data=352  
FromELF: creating hex file...
".\Bai1.axf" - 0 Errors, 1 Warning(s).
Rebuild target 'Target 1'
assembling Startup.s...
compiling main.c...
main.c(55): warning:  #1-D: last line of file ends without a newline
linking...
Program Size: Code=2356 RO-data=244 RW-data=0 ZI-data=352  
FromELF: creating hex file...
".\Bai1.axf" - 0 Errors, 1 Warning(s).
Rebuild target 'Target 1'
assembling Startup.s...
compiling main.c...
main.c(52): warning:  #1-D: last line of file ends without a newline
main.c(28): warning:  #177-D: variable "i" was declared but never referenced
linking...
Program Size: Code=2344 RO-data=244 RW-data=0 ZI-data=352  
FromELF: creating hex file...
".\Bai1.axf" - 0 Errors, 2 Warning(s).
Rebuild target 'Target 1'
assembling Startup.s...
compiling main.c...
main.c(52): warning:  #1-D: last line of file ends without a newline
main.c(28): warning:  #177-D: variable "i" was declared but never referenced
linking...
Program Size: Code=2372 RO-data=244 RW-data=0 ZI-data=352  
FromELF: creating hex file...
".\Bai1.axf" - 0 Errors, 2 Warning(s).
Rebuild target 'Target 1'
assembling Startup.s...
compiling main.c...
main.c(51): warning:  #1-D: last line of file ends without a newline
main.c(28): warning:  #177-D: variable "i" was declared but never referenced
linking...
Program Size: Code=2312 RO-data=244 RW-data=0 ZI-data=352  
FromELF: creating hex file...
".\Bai1.axf" - 0 Errors, 2 Warning(s).
Rebuild target 'Target 1'
assembling Startup.s...
compiling main.c...
main.c(68): warning:  #1-D: last line of file ends without a newline
linking...
Program Size: Code=2512 RO-data=244 RW-data=0 ZI-data=352  
FromELF: creating hex file...
".\Bai1.axf" - 0 Errors, 1 Warning(s).
Rebuild target 'Target 1'
assembling Startup.s...
compiling main.c...
main.c(68): warning:  #1-D: last line of file ends without a newline
linking...
Program Size: Code=2512 RO-data=244 RW-data=0 ZI-data=352  
FromELF: creating hex file...
".\Bai1.axf" - 0 Errors, 1 Warning(s).
Rebuild target 'Target 1'
assembling Startup.s...
compiling main.c...
main.c(69): warning:  #1-D: last line of file ends without a newline
linking...
Program Size: Code=2524 RO-data=244 RW-data=0 ZI-data=352  
FromELF: creating hex file...
".\Bai1.axf" - 0 Errors, 1 Warning(s).
Rebuild target 'Target 1'
assembling Startup.s...
compiling main.c...
main.c(70): warning:  #1-D: last line of file ends without a newline
linking...
Program Size: Code=2524 RO-data=244 RW-data=0 ZI-data=352  
FromELF: creating hex file...
".\Bai1.axf" - 0 Errors, 1 Warning(s).
Rebuild target 'Target 1'
assembling Startup.s...
compiling main.c...
main.c(71): warning:  #1-D: last line of file ends without a newline
linking...
Program Size: Code=2528 RO-data=244 RW-data=0 ZI-data=352  
FromELF: creating hex file...
".\Bai1.axf" - 0 Errors, 1 Warning(s).
Rebuild target 'Target 1'
assembling Startup.s...
compiling main.c...
main.c(73): warning:  #1-D: last line of file ends without a newline
linking...
Program Size: Code=2540 RO-data=244 RW-data=0 ZI-data=352  
FromELF: creating hex file...
".\Bai1.axf" - 0 Errors, 1 Warning(s).
